sp|P00452|RIR1_ECOLI	sp|P00452|RIR1_ECOLI	761	761	761	761	1
sp|P50620|RIR1_BACSU	sp|P50620|RIR1_BACSU	700	700	700	700	1
sp|P74240|RIR1_SYNY3	sp|P74240|RIR1_SYNY3	767	767	767	767	1
sp|P00452|RIR1_ECOLI	sp|P50620|RIR1_BACSU	761	700	168	789	0.21292775665399238
sp|P50620|RIR1_BACSU	sp|P00452|RIR1_ECOLI	700	761	168	789	0.21292775665399238
sp|P50620|RIR1_BACSU	sp|P74240|RIR1_SYNY3	700	767	194	804	0.24129353233830847
sp|P74240|RIR1_SYNY3	sp|P50620|RIR1_BACSU	767	700	194	804	0.24129353233830847
sp|P00452|RIR1_ECOLI	sp|P74240|RIR1_SYNY3	761	767	229	815	0.2809815950920245
sp|P74240|RIR1_SYNY3	sp|P00452|RIR1_ECOLI	767	761	229	815	0.2809815950920245
